// Jest Snapshot v1, https://goo.gl/fbAQLP

exports[`Test NoSignIn component should render NoSignIn component 1`] = `
<Connect(GoogleAuthWrapper)
  googleSignin={[MockFunction]}
>
  <GoogleAuthWrapper
    googleSignin={[MockFunction]}
    signIn={[Function]}
    signOut={[Function]}
  >
    <NoSignIn
      googleSignin={[MockFunction]}
      googleSignout={[Function]}
      googleUser={null}
      signIn={[Function]}
      signOut={[Function]}
    >
      <div
        className="d-flex flex-column align-items-center"
      >
        <div
          className="mb-4"
        />
        <h5
          className="text-danger my-3"
        >
           You have not signed in 
        </h5>
        <div
          className="d-flex align-items-center"
          style={
            Object {
              "height": "55px",
            }
          }
        >
          <button
            className="btn btn-primary"
            onClick={[MockFunction]}
          >
            <FontAwesomeIcon
              border={false}
              className=""
              fixedWidth={false}
              flip={null}
              icon="sign-in-alt"
              inverse={false}
              listItem={false}
              mask={null}
              pull={null}
              pulse={false}
              rotation={null}
              size={null}
              spin={false}
              swapOpacity={false}
              symbol={false}
              title=""
              transform={null}
            >
              <svg
                aria-hidden="true"
                className="svg-inline--fa fa-sign-in-alt fa-w-16 "
                data-icon="sign-in-alt"
                data-prefix="fas"
                focusable="false"
                role="img"
                style={Object {}}
                viewBox="0 0 512 512"
                xmlns="http://www.w3.org/2000/svg"
              >
                <path
                  d="M416 448h-84c-6.6 0-12-5.4-12-12v-40c0-6.6 5.4-12 12-12h84c17.7 0 32-14.3 32-32V160c0-17.7-14.3-32-32-32h-84c-6.6 0-12-5.4-12-12V76c0-6.6 5.4-12 12-12h84c53 0 96 43 96 96v192c0 53-43 96-96 96zm-47-201L201 79c-15-15-41-4.5-41 17v96H24c-13.3 0-24 10.7-24 24v96c0 13.3 10.7 24 24 24h136v96c0 21.5 26 32 41 17l168-168c9.3-9.4 9.3-24.6 0-34z"
                  fill="currentColor"
                  style={Object {}}
                />
              </svg>
            </FontAwesomeIcon>
               
            Sign In
          </button>
        </div>
      </div>
    </NoSignIn>
  </GoogleAuthWrapper>
</Connect(GoogleAuthWrapper)>
`;
