// Jest Snapshot v1, https://goo.gl/fbAQLP

exports[`Test SearchForm component should render component 1`] = `
<form
  className="d-flex"
  onSubmit={[Function]}
>
  <input
    className="form-control"
    name="search"
    onChange={[Function]}
    placeholder="Search video..."
    type="text"
    value=""
  />
  <button
    className="btn btn-outline-dark mx-2"
    type="submit"
  >
    <FontAwesomeIcon
      border={false}
      className=""
      fixedWidth={false}
      flip={null}
      icon="search"
      inverse={false}
      listItem={false}
      mask={null}
      pull={null}
      pulse={false}
      rotation={null}
      size={null}
      spin={false}
      swapOpacity={false}
      symbol={false}
      title=""
      transform={null}
    />
  </button>
</form>
`;
