// Jest Snapshot v1, https://goo.gl/fbAQLP

exports[`Test CommentItem component should render component 1`] = `
<Fragment>
  <div
    className="d-flex mb-2"
    style={
      Object {
        "overflow": "auto",
      }
    }
  >
    <div
      className="mr-3"
    >
      <img
        alt="Lucia Lakpor"
        className="rounded-circle"
        src="https://yt3.ggpht.com/a/AATXAJxSLxDsYIuligoT4HSSVXBAEKk-MbmjBa4O606L=s48-c-k-c0xffffffff-no-rj-mo"
      />
    </div>
    <div>
      <div
        className="mb-1"
      >
        <span
          className="font-weight-bold mr-2"
        >
          Lucia Lakpor
        </span>
        <span
          className="text-muted"
        >
          7 months ago
        </span>
      </div>
      <div
        dangerouslySetInnerHTML={
          Object {
            "__html": "She only wanted to be president, she and her children stole everything and left the country in poverty and in the hands of another criminal, we basically have no country to go to, Liberia is now the poorest in the world. Yes I said it sheâ€™s a criminal.",
          }
        }
        id="comment-text"
      />
    </div>
  </div>
</Fragment>
`;
